#-----------------------------------------------------------
# Vivado v2019.1 (64-bit)
# SW Build 2552052 on Fri May 24 14:49:42 MDT 2019
# IP Build 2548770 on Fri May 24 18:01:18 MDT 2019
# Start of session at: Thu Apr 23 16:39:59 2020
# Process ID: 21764
# Current directory: E:/OneDrive - cstdlib/杭电/EDA/VivadoProject/USTC-RVSoC-master/USTC-RVSoC-master/hardware/Vivado/ATIX7/RISC-V
# Command line: vivado.exe -gui_launcher_event rodinguilauncherevent23620 E:\OneDrive - cstdlib\杭电\EDA\VivadoProject\USTC-RVSoC-master\USTC-RVSoC-master\hardware\Vivado\ATIX7\RISC-V\RISC-V.xpr
# Log file: E:/OneDrive - cstdlib/杭电/EDA/VivadoProject/USTC-RVSoC-master/USTC-RVSoC-master/hardware/Vivado/ATIX7/RISC-V/vivado.log
# Journal file: E:/OneDrive - cstdlib/杭电/EDA/VivadoProject/USTC-RVSoC-master/USTC-RVSoC-master/hardware/Vivado/ATIX7/RISC-V\vivado.jou
#-----------------------------------------------------------
start_gui
open_project {E:/OneDrive - cstdlib/杭电/EDA/VivadoProject/USTC-RVSoC-master/USTC-RVSoC-master/hardware/Vivado/ATIX7/RISC-V/RISC-V.xpr}
update_compile_order -fileset sources_1
reset_run impl_1 -prev_step 
launch_runs impl_1 -to_step write_bitstream -jobs 16
wait_on_run impl_1
reset_run impl_1 -prev_step 
launch_runs impl_1 -to_step write_bitstream -jobs 16
wait_on_run impl_1
reset_run impl_1 -prev_step 
launch_runs impl_1 -to_step write_bitstream -jobs 16
wait_on_run impl_1
