#-----------------------------------------------------------
# Vivado v2019.1 (64-bit)
# SW Build 2552052 on Fri May 24 14:49:42 MDT 2019
# IP Build 2548770 on Fri May 24 18:01:18 MDT 2019
# Start of session at: Mon Nov 18 15:40:26 2019
# Process ID: 1700
# Current directory: C:/Users/YangZhen/OneDrive - cstdlib/杭电/EDA/VivadoProject/vga_disp_2
# Command line: vivado.exe -gui_launcher_event rodinguilauncherevent1264 C:\Users\YangZhen\OneDrive - cstdlib\杭电\EDA\VivadoProject\vga_disp_2\vga_disp.xpr
# Log file: C:/Users/YangZhen/OneDrive - cstdlib/杭电/EDA/VivadoProject/vga_disp_2/vivado.log
# Journal file: C:/Users/YangZhen/OneDrive - cstdlib/杭电/EDA/VivadoProject/vga_disp_2\vivado.jou
#-----------------------------------------------------------
start_gui
open_project {C:/Users/YangZhen/OneDrive - cstdlib/杭电/EDA/VivadoProject/vga_disp_2/vga_disp.xpr}
update_compile_order -fileset sources_1
reset_run impl_1 -prev_step 
launch_runs impl_1 -to_step write_bitstream -jobs 8
wait_on_run impl_1
launch_simulation
