#-----------------------------------------------------------
# Vivado v2019.1 (64-bit)
# SW Build 2552052 on Fri May 24 14:49:42 MDT 2019
# IP Build 2548770 on Fri May 24 18:01:18 MDT 2019
# Start of session at: Tue Dec 10 19:19:18 2019
# Process ID: 12476
# Current directory: C:/Users/YangZhen/Documents/VivadoProject/USTC-RVSoC-master/USTC-RVSoC-master/hardware/Vivado/Arty7
# Command line: vivado.exe -gui_launcher_event rodinguilauncherevent7684 C:\Users\YangZhen\Documents\VivadoProject\USTC-RVSoC-master\USTC-RVSoC-master\hardware\Vivado\Arty7\USTCRVSoC-Arty7.xpr
# Log file: C:/Users/YangZhen/Documents/VivadoProject/USTC-RVSoC-master/USTC-RVSoC-master/hardware/Vivado/Arty7/vivado.log
# Journal file: C:/Users/YangZhen/Documents/VivadoProject/USTC-RVSoC-master/USTC-RVSoC-master/hardware/Vivado/Arty7\vivado.jou
#-----------------------------------------------------------
start_gui
open_project C:/Users/YangZhen/Documents/VivadoProject/USTC-RVSoC-master/USTC-RVSoC-master/hardware/Vivado/Arty7/USTCRVSoC-Arty7.xpr
update_compile_order -fileset sources_1
launch_runs impl_1 -to_step write_bitstream -jobs 8
wait_on_run impl_1
open_hw
connect_hw_server
open_hw_target
current_hw_device [get_hw_devices xc7a35t_0]
refresh_hw_device -update_hw_probes false [lindex [get_hw_devices xc7a35t_0] 0]
reset_run impl_1 -prev_step 
launch_runs impl_1 -to_step write_bitstream -jobs 8
wait_on_run impl_1
